
Running 1 test using 1 worker

[1A[2K[1/1] [chromium] ÔÇ║ tests\tous-les-kiffs.spec.ts:12:5 ÔÇ║ E2E - Workflow complet Offre Partenaire ÔÇ║ devrait cr├®er un partenaire, publier une offre, valider lÔÇÖoffre en admin, et la voir sur Tous les Kiffs
[1A[2K[chromium] ÔÇ║ tests\tous-les-kiffs.spec.ts:12:5 ÔÇ║ E2E - Workflow complet Offre Partenaire ÔÇ║ devrait cr├®er un partenaire, publier une offre, valider lÔÇÖoffre en admin, et la voir sur Tous les Kiffs
­ƒôØ ├ëtape 1: Inscription partenaire...

[1A[2K  1) [chromium] ÔÇ║ tests\tous-les-kiffs.spec.ts:12:5 ÔÇ║ E2E - Workflow complet Offre Partenaire ÔÇ║ devrait cr├®er un partenaire, publier une offre, valider lÔÇÖoffre en admin, et la voir sur Tous les Kiffs 

    TimeoutError: page.fill: Timeout 15000ms exceeded.
    Call log:
    [2m  - waiting for locator('input[placeholder*="Nom de l\'entreprise"]')[22m


      17 |         console.log('­ƒôØ ├ëtape 1: Inscription partenaire...');
      18 |         await page.goto('/soumettre-offre');
    > 19 |         await page.fill('input[placeholder*="Nom de l\'entreprise"]', businessName);
         |                    ^
      20 |         await page.fill('input[placeholder*="Votre nom complet"]', partnerName);
      21 |         await page.fill('input[type="email"]', partnerEmail);
      22 |         await page.fill('input[type="tel"]', '0612345678');
        at C:\Users\boris\symfony-projects\nowme\club-nowme\tests\tous-les-kiffs.spec.ts:19:20

    attachment #1: screenshot (image/png) ÔöÇÔöÇÔöÇÔöÇÔöÇÔöÇÔöÇÔöÇÔöÇÔöÇÔöÇÔöÇÔöÇÔöÇÔöÇÔöÇÔöÇÔöÇÔöÇÔöÇÔöÇÔöÇÔöÇÔöÇÔöÇÔöÇÔöÇÔöÇÔöÇÔöÇÔöÇÔöÇÔöÇÔöÇÔöÇÔöÇÔöÇÔöÇÔöÇÔöÇÔöÇÔöÇÔöÇÔöÇÔöÇÔöÇÔöÇÔöÇÔöÇÔöÇÔöÇÔöÇÔöÇÔöÇÔöÇÔöÇÔöÇÔöÇ
    test-results\tous-les-kiffs-E2E---Workf-b95ac--la-voir-sur-Tous-les-Kiffs-chromium\test-failed-1.png
    ÔöÇÔöÇÔöÇÔöÇÔöÇÔöÇÔöÇÔöÇÔöÇÔöÇÔöÇÔöÇÔöÇÔöÇÔöÇÔöÇÔöÇÔöÇÔöÇÔöÇÔöÇÔöÇÔöÇÔöÇÔöÇÔöÇÔöÇÔöÇÔöÇÔöÇÔöÇÔöÇÔöÇÔöÇÔöÇÔöÇÔöÇÔöÇÔöÇÔöÇÔöÇÔöÇÔöÇÔöÇÔöÇÔöÇÔöÇÔöÇÔöÇÔöÇÔöÇÔöÇÔöÇÔöÇÔöÇÔöÇÔöÇÔöÇÔöÇÔöÇÔöÇÔöÇÔöÇÔöÇÔöÇÔöÇÔöÇÔöÇÔöÇÔöÇÔöÇÔöÇÔöÇÔöÇÔöÇÔöÇÔöÇÔöÇÔöÇÔöÇÔöÇÔöÇÔöÇÔöÇÔöÇÔöÇÔöÇÔöÇÔöÇÔöÇÔöÇÔöÇÔöÇÔöÇÔöÇÔöÇ

    attachment #2: video (video/webm) ÔöÇÔöÇÔöÇÔöÇÔöÇÔöÇÔöÇÔöÇÔöÇÔöÇÔöÇÔöÇÔöÇÔöÇÔöÇÔöÇÔöÇÔöÇÔöÇÔöÇÔöÇÔöÇÔöÇÔöÇÔöÇÔöÇÔöÇÔöÇÔöÇÔöÇÔöÇÔöÇÔöÇÔöÇÔöÇÔöÇÔöÇÔöÇÔöÇÔöÇÔöÇÔöÇÔöÇÔöÇÔöÇÔöÇÔöÇÔöÇÔöÇÔöÇÔöÇÔöÇÔöÇÔöÇÔöÇÔöÇÔöÇÔöÇÔöÇÔöÇÔöÇÔöÇ
    test-results\tous-les-kiffs-E2E---Workf-b95ac--la-voir-sur-Tous-les-Kiffs-chromium\video.webm
    ÔöÇÔöÇÔöÇÔöÇÔöÇÔöÇÔöÇÔöÇÔöÇÔöÇÔöÇÔöÇÔöÇÔöÇÔöÇÔöÇÔöÇÔöÇÔöÇÔöÇÔöÇÔöÇÔöÇÔöÇÔöÇÔöÇÔöÇÔöÇÔöÇÔöÇÔöÇÔöÇÔöÇÔöÇÔöÇÔöÇÔöÇÔöÇÔöÇÔöÇÔöÇÔöÇÔöÇÔöÇÔöÇÔöÇÔöÇÔöÇÔöÇÔöÇÔöÇÔöÇÔöÇÔöÇÔöÇÔöÇÔöÇÔöÇÔöÇÔöÇÔöÇÔöÇÔöÇÔöÇÔöÇÔöÇÔöÇÔöÇÔöÇÔöÇÔöÇÔöÇÔöÇÔöÇÔöÇÔöÇÔöÇÔöÇÔöÇÔöÇÔöÇÔöÇÔöÇÔöÇÔöÇÔöÇÔöÇÔöÇÔöÇÔöÇÔöÇÔöÇÔöÇÔöÇÔöÇÔöÇ

    Error Context: test-results\tous-les-kiffs-E2E---Workf-b95ac--la-voir-sur-Tous-les-Kiffs-chromium\error-context.md

    attachment #4: trace (application/zip) ÔöÇÔöÇÔöÇÔöÇÔöÇÔöÇÔöÇÔöÇÔöÇÔöÇÔöÇÔöÇÔöÇÔöÇÔöÇÔöÇÔöÇÔöÇÔöÇÔöÇÔöÇÔöÇÔöÇÔöÇÔöÇÔöÇÔöÇÔöÇÔöÇÔöÇÔöÇÔöÇÔöÇÔöÇÔöÇÔöÇÔöÇÔöÇÔöÇÔöÇÔöÇÔöÇÔöÇÔöÇÔöÇÔöÇÔöÇÔöÇÔöÇÔöÇÔöÇÔöÇÔöÇÔöÇÔöÇÔöÇÔöÇ
    test-results\tous-les-kiffs-E2E---Workf-b95ac--la-voir-sur-Tous-les-Kiffs-chromium\trace.zip
    Usage:

        npx playwright show-trace test-results\tous-les-kiffs-E2E---Workf-b95ac--la-voir-sur-Tous-les-Kiffs-chromium\trace.zip

    ÔöÇÔöÇÔöÇÔöÇÔöÇÔöÇÔöÇÔöÇÔöÇÔöÇÔöÇÔöÇÔöÇÔöÇÔöÇÔöÇÔöÇÔöÇÔöÇÔöÇÔöÇÔöÇÔöÇÔöÇÔöÇÔöÇÔöÇÔöÇÔöÇÔöÇÔöÇÔöÇÔöÇÔöÇÔöÇÔöÇÔöÇÔöÇÔöÇÔöÇÔöÇÔöÇÔöÇÔöÇÔöÇÔöÇÔöÇÔöÇÔöÇÔöÇÔöÇÔöÇÔöÇÔöÇÔöÇÔöÇÔöÇÔöÇÔöÇÔöÇÔöÇÔöÇÔöÇÔöÇÔöÇÔöÇÔöÇÔöÇÔöÇÔöÇÔöÇÔöÇÔöÇÔöÇÔöÇÔöÇÔöÇÔöÇÔöÇÔöÇÔöÇÔöÇÔöÇÔöÇÔöÇÔöÇÔöÇÔöÇÔöÇÔöÇÔöÇÔöÇÔöÇÔöÇÔöÇÔöÇ


[1A[2K  1 failed
    [chromium] ÔÇ║ tests\tous-les-kiffs.spec.ts:12:5 ÔÇ║ E2E - Workflow complet Offre Partenaire ÔÇ║ devrait cr├®er un partenaire, publier une offre, valider lÔÇÖoffre en admin, et la voir sur Tous les Kiffs 

[36m  Serving HTML report at http://localhost:61555. Press Ctrl+C to quit.[39m
